Test ID	 Descrip	 Max Speed	 Max Lat Acc	 Test Time
